#-----------------------------------------------------------
# Vivado v2021.1 (64-bit)
# SW Build 3247384 on Thu Jun 10 19:36:33 MDT 2021
# IP Build 3246043 on Fri Jun 11 00:30:35 MDT 2021
# Start of session at: Sun Oct 17 17:36:54 2021
# Process ID: 20332
# Current directory: D:/D_lab/Lab3
# Command line: vivado.exe -gui_launcher_event rodinguilauncherevent19852 D:\D_lab\Lab3\Lab3.xpr
# Log file: D:/D_lab/Lab3/vivado.log
# Journal file: D:/D_lab/Lab3\vivado.jou
#-----------------------------------------------------------
start_gui
open_project D:/D_lab/Lab3/Lab3.xpr
update_compile_order -fileset sources_1
launch_simulation
launch_simulation
launch_simulation
source alu_test.tcl
close_sim
launch_simulation
source alu_test.tcl
close_sim
launch_simulation
source alu_test.tcl
run all
close_sim
launch_simulation
source alu_test.tcl
close_sim
launch_simulation
source alu_test.tcl
close_sim
launch_simulation
source alu_test.tcl
close_sim
launch_simulation
source alu_test.tcl
close_sim
launch_simulation
source alu_test.tcl
close_sim
launch_simulation
source alu_test.tcl
close_sim
launch_simulation
source alu_test.tcl
close_sim
launch_simulation
launch_simulation
source alu_test.tcl
close_sim
launch_simulation
source alu_test.tcl
close_sim
launch_simulation
source alu_test.tcl
close_sim
launch_simulation
source alu_test.tcl
close_sim
launch_simulation
source alu_test.tcl
close_sim
launch_simulation
source alu_test.tcl
close_sim
launch_simulation
source alu_test.tcl
close_sim
launch_simulation
source alu_test.tcl
close_sim
launch_simulation
source alu_test.tcl
close_sim
launch_simulation
source alu_test.tcl
close_sim
launch_simulation
source alu_test.tcl
close_sim
launch_simulation
source alu_test.tcl
close_sim
launch_simulation
source alu_test.tcl
close_sim
launch_simulation
source alu_test.tcl
close_sim
launch_simulation
source alu_test.tcl
close_sim
launch_simulation
source alu_test.tcl
close_sim
launch_simulation
source alu_test.tcl
close_sim
launch_simulation
source alu_test.tcl
close_sim
